[06Oct2026 00:56:02.713] [main/INFO] [cpw.mods.modlauncher.Launcher/MODLAUNCHER]: ModLauncher running: args [--launchTarget, forgeclientdev, --version, 21.1.190, --assetIndex, 17, --assetsDir, C:\Users\Nazario Delucci\.mcreator\gradle\caches\neoformruntime\assets, --gameDir, ., --fml.fmlVersion, 4.0.41, --fml.mcVersion, 1.21.1, --fml.neoForgeVersion, 21.1.190, --fml.neoFormVersion, 20240808.144430]
[06Oct2026 00:56:02.720] [main/INFO] [cpw.mods.modlauncher.Launcher/MODLAUNCHER]: JVM identified as JetBrains s.r.o. OpenJDK 64-Bit Server VM 21.0.10+1-b1163.105
[06Oct2026 00:56:02.723] [main/INFO] [cpw.mods.modlauncher.Launcher/MODLAUNCHER]: ModLauncher 11.0.5+main.901c6ea8 starting: java version 21.0.10 by JetBrains s.r.o.; OS Windows 10 arch amd64 version 10.0
[06Oct2026 00:56:02.918] [main/WARN] [net.neoforged.fml.loading.FMLConfig/CORE]: Configuration file C:\Users\Nazario Delucci\MCreatorWorkspaces\deep_lucky_block-neoforge-1.21.1\run\config\fml.toml is not correct. Correcting
[06Oct2026 00:56:02.992] [main/INFO] [net.neoforged.fml.loading.ImmediateWindowHandler/]: Loading ImmediateWindowProvider fmlearlywindow
[06Oct2026 00:56:03.199] [main/INFO] [EARLYDISPLAY/]: Trying GL version 4.6
[06Oct2026 00:56:03.310] [main/INFO] [EARLYDISPLAY/]: Requested GL version 4.6 got version 4.6
[06Oct2026 00:56:03.508] [main/INFO] [mixin/]: SpongePowered MIXIN Subsystem Version=0.8.7 Source=union:/C:/Users/Nazario%20Delucci/.mcreator/gradle/caches/modules-2/files-2.1/net.fabricmc/sponge-mixin/0.15.2+mixin.0.8.7/2af2f021d8e02a0220dc27a7a72b4666d66d44ca/sponge-mixin-0.15.2+mixin.0.8.7.jar%23138!/ Service=ModLauncher Env=CLIENT
[06Oct2026 00:56:03.586] [main/WARN] [net.neoforged.fml.loading.FMLConfig/CORE]: Configuration file C:\Users\Nazario Delucci\MCreatorWorkspaces\deep_lucky_block-neoforge-1.21.1\run\config\fml.toml is not correct. Correcting
[06Oct2026 00:56:03.800] [pool-2-thread-1/INFO] [EARLYDISPLAY/]: GL info: Intel(R) HD Graphics 630 GL version 4.6.0 - Build 31.0.101.2141, Intel
[06Oct2026 00:56:04.547] [main/INFO] [net.neoforged.fml.loading.moddiscovery.locators.JarInJarDependencyLocator/]: Found 2 dependencies adding them to mods collection
[06Oct2026 00:56:04.550] [main/INFO] [net.neoforged.fml.loading.moddiscovery.ModDiscoverer/]: 
     Mod List:
		Name Version (Mod Id)

		Deep Lucky Block 1.0 (deep_lucky_block)
		Minecraft 1.21.1 (minecraft)
		NeoForge 21.1.190 (neoforge)
[06Oct2026 00:56:08.610] [main/INFO] [mixin/]: Compatibility level set to JAVA_21
[06Oct2026 00:56:08.654] [main/INFO] [cpw.mods.modlauncher.LaunchServiceHandler/MODLAUNCHER]: Launching target 'forgeclientdev' with arguments [--version, 21.1.190, --gameDir, ., --assetsDir, C:\Users\Nazario Delucci\.mcreator\gradle\caches\neoformruntime\assets, --assetIndex, 17]
[06Oct2026 00:56:08.826] [main/WARN] [mixin/]: Reference map 'deep_lucky_block.refmap.json' for deep_lucky_block.mixins.json could not be read. If this is a development environment you can ignore this message
[06Oct2026 00:56:14.595] [Datafixer Bootstrap/INFO] [com.mojang.datafixers.DataFixerBuilder/]: 229 Datafixer optimizations took 1153 milliseconds
[06Oct2026 00:56:14.639] [pool-7-thread-1/INFO] [MixinExtras|Service/]: Initializing MixinExtras via com.llamalad7.mixinextras.service.MixinExtrasServiceImpl(version=0.4.1).
[06Oct2026 00:56:27.050] [main/WARN] [net.minecraft.commands.Commands/]: Ambiguity between arguments [teleport, location] and [teleport, destination] with inputs: [0.1 -0.5 .9, 0 0 0]
[06Oct2026 00:56:27.054] [main/WARN] [net.minecraft.commands.Commands/]: Ambiguity between arguments [teleport, location] and [teleport, targets] with inputs: [0.1 -0.5 .9, 0 0 0]
[06Oct2026 00:56:27.062] [main/WARN] [net.minecraft.commands.Commands/]: Ambiguity between arguments [teleport, destination] and [teleport, targets] with inputs: [Player, 0123, @e, dd12be42-52a9-4a91-a8a1-11c01849e498]
[06Oct2026 00:56:27.066] [main/WARN] [net.minecraft.commands.Commands/]: Ambiguity between arguments [teleport, targets] and [teleport, destination] with inputs: [Player, 0123, dd12be42-52a9-4a91-a8a1-11c01849e498]
[06Oct2026 00:56:27.071] [main/WARN] [net.minecraft.commands.Commands/]: Ambiguity between arguments [teleport, targets, location] and [teleport, targets, destination] with inputs: [0.1 -0.5 .9, 0 0 0]
[06Oct2026 00:56:27.352] [Render thread/WARN] [net.minecraft.server.packs.VanillaPackResourcesBuilder/]: Assets URL 'union:/C:/Users/Nazario%20Delucci/MCreatorWorkspaces/deep_lucky_block-neoforge-1.21.1/build/moddev/artifacts/neoforge-21.1.190.jar%23189!/assets/.mcassetsroot' uses unexpected schema
[06Oct2026 00:56:27.353] [Render thread/WARN] [net.minecraft.server.packs.VanillaPackResourcesBuilder/]: Assets URL 'union:/C:/Users/Nazario%20Delucci/MCreatorWorkspaces/deep_lucky_block-neoforge-1.21.1/build/moddev/artifacts/neoforge-21.1.190.jar%23189!/data/.mcassetsroot' uses unexpected schema
[06Oct2026 00:56:27.404] [Render thread/INFO] [com.mojang.authlib.yggdrasil.YggdrasilAuthenticationService/]: Environment: Environment[sessionHost=https://sessionserver.mojang.com, servicesHost=https://api.minecraftservices.com, name=PROD]
[06Oct2026 00:56:27.419] [Render thread/INFO] [net.minecraft.client.Minecraft/]: Setting user: Dev
[06Oct2026 00:56:27.647] [Render thread/INFO] [net.minecraft.client.Minecraft/]: Backend library: LWJGL version 3.3.3+5
[06Oct2026 00:56:28.180] [modloading-worker-0/INFO] [net.neoforged.neoforge.common.NeoForgeMod/NEOFORGE-MOD]: NeoForge mod loading, version 21.1.190, for MC 1.21.1
[06Oct2026 00:56:28.310] [modloading-worker-0/INFO] [deepluckyblock.compat.DeepMixinBootstrap/]: [DeepMixinBootstrap] deep_lucky_block.mixins.json est embarqué (union), non modifiable.
[06Oct2026 00:56:30.853] [Render thread/INFO] [net.neoforged.neoforge.gametest.GameTestHooks/]: Enabled Gametest Namespaces: []
[06Oct2026 00:56:31.798] [Render thread/INFO] [net.minecraft.server.packs.resources.ReloadableResourceManager/]: Reloading ResourceManager: vanilla, mod_resources, mod/deep_lucky_block, mod/neoforge
[06Oct2026 00:56:32.210] [Worker-Main-7/INFO] [net.minecraft.client.gui.font.providers.UnihexProvider/]: Found unifont_all_no_pua-15.1.05.hex, loading
[06Oct2026 00:56:33.178] [Worker-Main-5/INFO] [net.minecraft.client.gui.font.providers.UnihexProvider/]: Found unifont_jp_patch-15.1.05.hex, loading
[06Oct2026 00:56:33.724] [Worker-Main-3/WARN] [net.minecraft.client.renderer.texture.SpriteLoader/]: Texture deep_lucky_block:item/lunettesdupatron with size 169x169 limits mip level from 2 to 0
[06Oct2026 00:56:37.725] [Render thread/WARN] [net.minecraft.client.sounds.SoundEngine/]: Missing sound for event: minecraft:item.goat_horn.play
[06Oct2026 00:56:37.726] [Render thread/WARN] [net.minecraft.client.sounds.SoundEngine/]: Missing sound for event: minecraft:entity.goat.screaming.horn_break
[06Oct2026 00:56:38.085] [Render thread/INFO] [com.mojang.blaze3d.audio.Library/]: OpenAL initialized on device OpenAL Soft on Haut-parleurs (Realtek High Definition Audio(SST))
[06Oct2026 00:56:38.088] [Render thread/INFO] [net.minecraft.client.sounds.SoundEngine/SOUNDS]: Sound engine started
[06Oct2026 00:56:38.408] [Render thread/INFO] [net.minecraft.client.renderer.texture.TextureAtlas/]: Created: 2048x1024x2 minecraft:textures/atlas/blocks.png-atlas
[06Oct2026 00:56:38.986] [Render thread/INFO] [net.minecraft.client.renderer.texture.TextureAtlas/]: Created: 256x256x2 minecraft:textures/atlas/signs.png-atlas
[06Oct2026 00:56:38.997] [Render thread/INFO] [net.minecraft.client.renderer.texture.TextureAtlas/]: Created: 512x512x2 minecraft:textures/atlas/shield_patterns.png-atlas
[06Oct2026 00:56:39.022] [Render thread/INFO] [net.minecraft.client.renderer.texture.TextureAtlas/]: Created: 512x512x2 minecraft:textures/atlas/banner_patterns.png-atlas
[06Oct2026 00:56:39.048] [Render thread/INFO] [net.minecraft.client.renderer.texture.TextureAtlas/]: Created: 1024x1024x2 minecraft:textures/atlas/armor_trims.png-atlas
[06Oct2026 00:56:39.273] [Render thread/INFO] [net.minecraft.client.renderer.texture.TextureAtlas/]: Created: 128x64x2 minecraft:textures/atlas/decorated_pot.png-atlas
[06Oct2026 00:56:39.281] [Render thread/INFO] [net.minecraft.client.renderer.texture.TextureAtlas/]: Created: 256x256x2 minecraft:textures/atlas/chest.png-atlas
[06Oct2026 00:56:39.286] [Render thread/INFO] [net.minecraft.client.renderer.texture.TextureAtlas/]: Created: 512x256x2 minecraft:textures/atlas/shulker_boxes.png-atlas
[06Oct2026 00:56:39.293] [Render thread/INFO] [net.minecraft.client.renderer.texture.TextureAtlas/]: Created: 512x256x2 minecraft:textures/atlas/beds.png-atlas
[06Oct2026 00:56:39.471] [Render thread/INFO] [net.minecraft.client.renderer.texture.TextureAtlas/]: Created: 512x256x0 minecraft:textures/atlas/particles.png-atlas
[06Oct2026 00:56:39.508] [Render thread/INFO] [net.minecraft.client.renderer.texture.TextureAtlas/]: Created: 512x256x0 minecraft:textures/atlas/paintings.png-atlas
[06Oct2026 00:56:39.518] [Render thread/INFO] [net.minecraft.client.renderer.texture.TextureAtlas/]: Created: 256x128x0 minecraft:textures/atlas/mob_effects.png-atlas
[06Oct2026 00:56:39.524] [Render thread/INFO] [net.minecraft.client.renderer.texture.TextureAtlas/]: Created: 64x64x0 minecraft:textures/atlas/map_decorations.png-atlas
[06Oct2026 00:56:39.530] [Render thread/INFO] [net.minecraft.client.renderer.texture.TextureAtlas/]: Created: 1024x512x0 minecraft:textures/atlas/gui.png-atlas
[06Oct2026 00:56:40.682] [Render thread/WARN] [net.minecraft.client.renderer.ShaderInstance/]: Shader rendertype_entity_translucent_emissive could not find sampler named Sampler2 in the specified shader program.
[06Oct2026 00:56:42.056] [Render thread/INFO] [net.neoforged.neoforge.client.entity.animation.json.AnimationLoader/]: Loaded 0 entity animations
[06Oct2026 00:57:14.539] [Worker-Main-6/INFO] [deepluckyblock.DeepLuckyBlockMod/]: [DLBTEST] commande prete : /dlbtest -> citadel, observatory, dragon, circus, ship, everest, crimsonlake | structure <nom|id> | list | water <status|freeze|thaw> | probe <x> <z> | luckybreak [nombre] (permission tout le monde (0))
[06Oct2026 00:57:15.022] [Render thread/INFO] [net.minecraft.world.item.crafting.RecipeManager/]: Loaded 1320 recipes
[06Oct2026 00:57:15.347] [Render thread/INFO] [net.minecraft.advancements.AdvancementTree/]: Loaded 1450 advancements
[06Oct2026 00:57:16.268] [Server thread/INFO] [net.minecraft.client.server.IntegratedServer/]: Starting integrated minecraft server version 1.21.1
[06Oct2026 00:57:16.269] [Server thread/INFO] [net.minecraft.server.MinecraftServer/]: Generating keypair
[06Oct2026 00:57:20.436] [Server thread/INFO] [net.minecraft.server.MinecraftServer/]: Preparing start region for dimension minecraft:overworld
[06Oct2026 00:57:21.040] [progressListener/INFO] [net.minecraft.server.level.progress.LoggerChunkProgressListener/]: Preparing spawn area: 0%
[06Oct2026 00:57:21.040] [progressListener/INFO] [net.minecraft.server.level.progress.LoggerChunkProgressListener/]: Preparing spawn area: 0%
[06Oct2026 00:57:21.325] [Server thread/INFO] [net.neoforged.neoforge.server.permission.PermissionAPI/]: Successfully initialized permission handler neoforge:default_handler
[06Oct2026 00:57:21.337] [progressListener/INFO] [net.minecraft.server.level.progress.LoggerChunkProgressListener/]: Time elapsed: 888 ms
[06Oct2026 00:57:22.074] [Server thread/INFO] [net.minecraft.client.server.IntegratedServer/]: Changing view distance to 5, from 10
[06Oct2026 00:57:22.074] [Server thread/INFO] [net.minecraft.client.server.IntegratedServer/]: Changing simulation distance to 12, from 0
[06Oct2026 00:57:24.209] [Server thread/INFO] [net.minecraft.server.players.PlayerList/]: Dev[local:E:c4693b70] logged in with entity id 36 at (37.87787037745148, 96.36430030709542, 128.83566627222325)
[06Oct2026 00:57:24.356] [Server thread/INFO] [net.minecraft.server.MinecraftServer/]: Dev joined the game
[06Oct2026 00:57:24.732] [Render thread/INFO] [net.minecraft.advancements.AdvancementTree/]: Loaded 67 advancements
[06Oct2026 00:57:31.243] [Server thread/INFO] [deepluckyblock.DeepLuckyBlockMod/]: [DLBTEST] dragon demandee a 37, 96, 128 (id=2, nbt=dragon, joueur reel)
[06Oct2026 00:57:31.250] [Render thread/INFO] [net.minecraft.client.gui.components.ChatComponent/]: [System] [CHAT] [DLB-TEST] Structure DRAGON demandee a 37, 96, 128 -- la construction demarre apres le choix de zone (regarde la console)
[06Oct2026 00:57:33.867] [Server thread/WARN] [deepluckyblock.procedures.Structures5Procedure/]: [STRUCT5-FLAT] zones historiques épuisées jusqu'à 768 blocs : génération ciblée d'une seule emprise à 37,1045
[06Oct2026 00:57:34.156] [Server thread/WARN] [net.minecraft.server.MinecraftServer/]: Can't keep up! Is the server overloaded? Running 2024ms or 40 ticks behind
[06Oct2026 00:57:49.657] [Server thread/INFO] [deepluckyblock.DeepLuckyBlockMod/]: [DLBTEST] dragon demandee a 37, 96, 128 (id=2, nbt=dragon, joueur reel)
[06Oct2026 00:57:49.659] [Render thread/INFO] [net.minecraft.client.gui.components.ChatComponent/]: [System] [CHAT] [DLB-TEST] Structure DRAGON demandee a 37, 96, 128 -- la construction demarre apres le choix de zone (regarde la console)
[06Oct2026 00:57:49.680] [Render thread/INFO] [net.minecraft.client.gui.components.ChatComponent/]: [System] [CHAT] ⏳ Structure mise en file d'attente (1 avant elle) — elle apparaîtra dès que la précédente sera terminée.
[06Oct2026 00:58:45.216] [Render thread/INFO] [net.minecraft.advancements.AdvancementTree/]: Loaded 76 advancements
[06Oct2026 01:00:24.998] [Server thread/INFO] [net.minecraft.client.server.IntegratedServer/]: Saving and pausing game...
[06Oct2026 01:00:25.041] [Server thread/INFO] [net.minecraft.server.MinecraftServer/]: Saving chunks for level 'ServerLevel[New World]'/minecraft:overworld
[06Oct2026 01:00:25.202] [Server thread/INFO] [net.minecraft.server.MinecraftServer/]: Saving chunks for level 'ServerLevel[New World]'/minecraft:the_end
[06Oct2026 01:00:25.205] [Server thread/INFO] [net.minecraft.server.MinecraftServer/]: Saving chunks for level 'ServerLevel[New World]'/minecraft:the_nether
[06Oct2026 01:00:45.664] [Server thread/WARN] [deepluckyblock.util.TerrainEditClamp/]: [DLB-LAGPROBE] periode de tick de 20698 ms pendant la phase « aucune (serveur au repos) » -- c'est cette phase qui accapare le thread principal (zone -1,62 -> 5,68 : 0 chunks epingles, 49 en attente, 68 demandes de chargement ; 1 tick(s) > 1 s au total)
[06Oct2026 01:00:54.913] [Server thread/INFO] [net.minecraft.client.server.IntegratedServer/]: Saving and pausing game...
[06Oct2026 01:00:54.941] [Server thread/INFO] [net.minecraft.server.MinecraftServer/]: Saving chunks for level 'ServerLevel[New World]'/minecraft:overworld
[06Oct2026 01:00:55.056] [Server thread/INFO] [net.minecraft.server.MinecraftServer/]: Saving chunks for level 'ServerLevel[New World]'/minecraft:the_end
[06Oct2026 01:00:55.057] [Server thread/INFO] [net.minecraft.server.MinecraftServer/]: Saving chunks for level 'ServerLevel[New World]'/minecraft:the_nether
[06Oct2026 01:00:56.306] [Server thread/INFO] [net.minecraft.server.network.ServerGamePacketListenerImpl/]: Dev lost connection: Disconnected
[06Oct2026 01:00:56.307] [Server thread/INFO] [net.minecraft.server.MinecraftServer/]: Dev left the game
[06Oct2026 01:00:56.337] [Server thread/INFO] [net.minecraft.server.network.ServerCommonPacketListenerImpl/]: Stopping singleplayer server as player logged out
[06Oct2026 01:00:56.417] [Server thread/INFO] [net.minecraft.server.MinecraftServer/]: Stopping server
[06Oct2026 01:00:56.419] [Server thread/INFO] [net.minecraft.server.MinecraftServer/]: Saving players
[06Oct2026 01:00:56.419] [Server thread/INFO] [net.minecraft.server.MinecraftServer/]: Saving worlds
[06Oct2026 01:00:56.683] [Server thread/INFO] [net.minecraft.server.MinecraftServer/]: Saving chunks for level 'ServerLevel[New World]'/minecraft:overworld
[06Oct2026 01:00:56.860] [Server thread/INFO] [net.minecraft.server.MinecraftServer/]: Saving chunks for level 'ServerLevel[New World]'/minecraft:the_end
[06Oct2026 01:00:56.869] [Server thread/INFO] [net.minecraft.server.MinecraftServer/]: Saving chunks for level 'ServerLevel[New World]'/minecraft:the_nether
[06Oct2026 01:00:56.901] [Server thread/INFO] [net.minecraft.server.MinecraftServer/]: ThreadedAnvilChunkStorage (New World (58)): All chunks are saved
[06Oct2026 01:00:56.902] [Server thread/INFO] [net.minecraft.server.MinecraftServer/]: ThreadedAnvilChunkStorage (DIM1): All chunks are saved
[06Oct2026 01:00:56.902] [Server thread/INFO] [net.minecraft.server.MinecraftServer/]: ThreadedAnvilChunkStorage (DIM-1): All chunks are saved
[06Oct2026 01:00:56.903] [Server thread/INFO] [net.minecraft.server.MinecraftServer/]: ThreadedAnvilChunkStorage: All dimensions are saved
[06Oct2026 01:00:58.531] [Render thread/INFO] [net.minecraft.client.Minecraft/]: Stopping!
